 
============================================================ 
WEEKLY REFRESH - -2026-02 05:55 
============================================================ 
[ENV] Cargadas 16 variables desde C:\Users\santiago\NEW IN\config.env

============================================================
New In Robot v12.1.0-REPORTES
============================================================
[CFG] NEWIN_HANDLE=new-in1
[CFG] NEWIN_CATEGORY_ID=34806213
[CFG] NEWIN_ALLOW_CREATE=true
[CFG] DATA_DIR=C:\Users\santiago\NEW IN\data
[CFG] LOG_DIR=C:\Users\santiago\NEW IN\logs
============================================================


============================================================
WEEKLY REFRESH - 2026-02-09 17:55:01
============================================================

[TN] Categorías page 1: 200 elementos (acum=200)
[TN] Categorías page 2: 25 elementos (acum=225)
[TN] Total categorías listadas: 225
[CAT] OK: Usando categoría por ENV id=34806213 (handle esperado=new-in1)
[CAT] Persistida categoría id=34806213 en C:\Users\santiago\NEW IN\data\newin_category.json
[TN] Página 1: 100 productos (acumulado=100)
[TN] Página 2: 100 productos (acumulado=200)
[TN] Página 3: 100 productos (acumulado=300)
[TN] Página 4: 100 productos (acumulado=400)
[TN] Página 5: 100 productos (acumulado=500)
[TN] Página 6: 100 productos (acumulado=600)
[TN] Página 7: 100 productos (acumulado=700)
[TN] Página 8: 100 productos (acumulado=800)
[TN] Página 9: 100 productos (acumulado=900)
[TN] Página 10: 100 productos (acumulado=1000)
[TN] Página 11: 100 productos (acumulado=1100)
[TN] Página 12: 100 productos (acumulado=1200)
[TN] Página 13: 100 productos (acumulado=1300)
[TN] Página 14: 100 productos (acumulado=1400)
[TN] Página 15: 96 productos (acumulado=1496)
[TN] Productos listados: 1496
[MAP] Índice CÓDIGOS MADRE: 1496 entradas. Productos con categorías: 1496
[TN] Productos que tienen la categoría 34806213: 138
[TN] Limpieza por producto: ok=138 fail=0
[CLEANUP] Limpiando reportes anteriores a 2026-02-02
[CLEANUP] Reportes eliminados: 0, mantenidos: 3
[SUCCESS] Refresh weekly OK. Estado reseteado y reportes limpiados
 
[RESULT] Exit code: 0 
============================================================ 
 
============================================================ 
WEEKLY REFRESH - -2026-02 05:55 
============================================================ 
[ENV] Cargadas 16 variables desde C:\Users\santiago\NEW IN\config.env

============================================================
New In Robot v12.1.0-REPORTES
============================================================
[CFG] NEWIN_HANDLE=new-in1
[CFG] NEWIN_CATEGORY_ID=34806213
[CFG] NEWIN_ALLOW_CREATE=true
[CFG] DATA_DIR=C:\Users\santiago\NEW IN\data
[CFG] LOG_DIR=C:\Users\santiago\NEW IN\logs
============================================================


============================================================
WEEKLY REFRESH - 2026-02-16 17:55:02
============================================================

[TN] Categorías page 1: 200 elementos (acum=200)
[TN] Categorías page 2: 24 elementos (acum=224)
[TN] Total categorías listadas: 224
[CAT] OK: Usando categoría por ENV id=34806213 (handle esperado=new-in1)
[CAT] Persistida categoría id=34806213 en C:\Users\santiago\NEW IN\data\newin_category.json
[TN] Página 1: 100 productos (acumulado=100)
[TN] Página 2: 100 productos (acumulado=200)
[TN] Página 3: 100 productos (acumulado=300)
[TN] Página 4: 100 productos (acumulado=400)
[TN] Página 5: 100 productos (acumulado=500)
[TN] Página 6: 100 productos (acumulado=600)
[TN] Página 7: 100 productos (acumulado=700)
[TN] Página 8: 100 productos (acumulado=800)
[TN] Página 9: 100 productos (acumulado=900)
[TN] Página 10: 100 productos (acumulado=1000)
[TN] Página 11: 100 productos (acumulado=1100)
[TN] Página 12: 100 productos (acumulado=1200)
[TN] Página 13: 100 productos (acumulado=1300)
[TN] Página 14: 100 productos (acumulado=1400)
[TN] Página 15: 92 productos (acumulado=1492)
[TN] Productos listados: 1492
[MAP] Índice CÓDIGOS MADRE: 1492 entradas. Productos con categorías: 1492
[TN] Productos que tienen la categoría 34806213: 145
[TN] Limpieza por producto: ok=145 fail=0
[CLEANUP] Limpiando reportes anteriores a 2026-02-09
[CLEANUP] Eliminado: REPORTE_DAILY_2026-02-04.txt
[CLEANUP] Eliminado: REPORTE_DAILY_2026-02-05.txt
[CLEANUP] Eliminado: REPORTE_DAILY_2026-02-06.txt
[CLEANUP] Reportes eliminados: 3, mantenidos: 5
[SUCCESS] Refresh weekly OK. Estado reseteado y reportes limpiados
 
[RESULT] Exit code: 0 
============================================================ 
 
============================================================ 
WEEKLY REFRESH - -2026-02 05:55 
============================================================ 
[ENV] Cargadas 16 variables desde C:\Users\santiago\NEW IN\config.env

============================================================
New In Robot v12.1.0-REPORTES
============================================================
[CFG] NEWIN_HANDLE=new-in1
[CFG] NEWIN_CATEGORY_ID=34806213
[CFG] NEWIN_ALLOW_CREATE=true
[CFG] DATA_DIR=C:\Users\santiago\NEW IN\data
[CFG] LOG_DIR=C:\Users\santiago\NEW IN\logs
============================================================


============================================================
WEEKLY REFRESH - 2026-02-23 17:55:02
============================================================

[TN] Categorías page 1: 200 elementos (acum=200)
[TN] Categorías page 2: 23 elementos (acum=223)
[TN] Total categorías listadas: 223
[CAT] OK: Usando categoría por ENV id=34806213 (handle esperado=new-in1)
[CAT] Persistida categoría id=34806213 en C:\Users\santiago\NEW IN\data\newin_category.json
[TN] Página 1: 100 productos (acumulado=100)
[TN] Página 2: 100 productos (acumulado=200)
[TN] Página 3: 100 productos (acumulado=300)
[TN] Página 4: 100 productos (acumulado=400)
[TN] Página 5: 100 productos (acumulado=500)
[TN] Página 6: 100 productos (acumulado=600)
[TN] Página 7: 100 productos (acumulado=700)
[TN] Página 8: 100 productos (acumulado=800)
[TN] Página 9: 100 productos (acumulado=900)
[TN] Página 10: 100 productos (acumulado=1000)
[TN] Página 11: 100 productos (acumulado=1100)
[TN] Página 12: 100 productos (acumulado=1200)
[TN] Página 13: 100 productos (acumulado=1300)
[TN] Página 14: 100 productos (acumulado=1400)
[TN] Página 15: 100 productos (acumulado=1500)
[TN] Paginación cortada 404 page=16
[TN] Productos listados: 1500
[MAP] Índice CÓDIGOS MADRE: 1500 entradas. Productos con categorías: 1500
[TN] Productos que tienen la categoría 34806213: 106
[TN] Limpieza por producto: ok=106 fail=0
[CLEANUP] Limpiando reportes anteriores a 2026-02-16
[CLEANUP] Eliminado: REPORTE_DAILY_2026-02-09.txt
[CLEANUP] Eliminado: REPORTE_DAILY_2026-02-10.txt
[CLEANUP] Eliminado: REPORTE_DAILY_2026-02-11.txt
[CLEANUP] Eliminado: REPORTE_DAILY_2026-02-12.txt
[CLEANUP] Eliminado: REPORTE_DAILY_2026-02-13.txt
[CLEANUP] Reportes eliminados: 5, mantenidos: 4
[SUCCESS] Refresh weekly OK. Estado reseteado y reportes limpiados
 
[RESULT] Exit code: 0 
============================================================ 
 
============================================================ 
WEEKLY REFRESH - -2026-03 05:55 
============================================================ 
[ENV] Cargadas 16 variables desde C:\Users\santiago\NEW IN\config.env

============================================================
New In Robot v12.1.0-REPORTES
============================================================
[CFG] NEWIN_HANDLE=new-in1
[CFG] NEWIN_CATEGORY_ID=34806213
[CFG] NEWIN_ALLOW_CREATE=true
[CFG] DATA_DIR=C:\Users\santiago\NEW IN\data
[CFG] LOG_DIR=C:\Users\santiago\NEW IN\logs
============================================================


============================================================
WEEKLY REFRESH - 2026-03-02 17:55:02
============================================================

[TN] Categorías page 1: 200 elementos (acum=200)
[TN] Categorías page 2: 22 elementos (acum=222)
[TN] Total categorías listadas: 222
[CAT] OK: Usando categoría por ENV id=34806213 (handle esperado=new-in1)
[CAT] Persistida categoría id=34806213 en C:\Users\santiago\NEW IN\data\newin_category.json
[TN] Página 1: 100 productos (acumulado=100)
[TN] Página 2: 100 productos (acumulado=200)
[TN] Página 3: 100 productos (acumulado=300)
[TN] Página 4: 100 productos (acumulado=400)
[TN] Página 5: 100 productos (acumulado=500)
[TN] Página 6: 100 productos (acumulado=600)
[TN] Página 7: 100 productos (acumulado=700)
[TN] Página 8: 100 productos (acumulado=800)
[TN] Página 9: 100 productos (acumulado=900)
[TN] Página 10: 100 productos (acumulado=1000)
[TN] Página 11: 100 productos (acumulado=1100)
[TN] Página 12: 100 productos (acumulado=1200)
[TN] Página 13: 100 productos (acumulado=1300)
[TN] Página 14: 100 productos (acumulado=1400)
[TN] Página 15: 100 productos (acumulado=1500)
[TN] Página 16: 12 productos (acumulado=1512)
[TN] Productos listados: 1512
[MAP] Índice CÓDIGOS MADRE: 1512 entradas. Productos con categorías: 1512
[TN] Productos que tienen la categoría 34806213: 168
[TN] Limpieza por producto: ok=168 fail=0
[CLEANUP] Limpiando reportes anteriores a 2026-02-23
[CLEANUP] Eliminado: REPORTE_DAILY_2026-02-16.txt
[CLEANUP] Eliminado: REPORTE_DAILY_2026-02-18.txt
[CLEANUP] Eliminado: REPORTE_DAILY_2026-02-19.txt
[CLEANUP] Eliminado: REPORTE_DAILY_2026-02-20.txt
[CLEANUP] Reportes eliminados: 4, mantenidos: 5
[SUCCESS] Refresh weekly OK. Estado reseteado y reportes limpiados
 
[RESULT] Exit code: 0 
============================================================ 
 
============================================================ 
WEEKLY REFRESH - -2026-03 05:55 
============================================================ 
[ENV] Cargadas 16 variables desde C:\Users\santiago\NEW IN\config.env

============================================================
New In Robot v12.2.0-REPORTES
============================================================
[CFG] NEWIN_HANDLE=new-in1
[CFG] NEWIN_CATEGORY_ID=34806213
[CFG] NEWIN_ALLOW_CREATE=true
[CFG] DATA_DIR=C:\Users\santiago\NEW IN\data
[CFG] LOG_DIR=C:\Users\santiago\NEW IN\logs
============================================================


============================================================
WEEKLY REFRESH - 2026-03-09 17:55:02
============================================================

[TN] Categorías page 1: 200 elementos (acum=200)
[TN] Categorías page 2: 21 elementos (acum=221)
[TN] Total categorías listadas: 221
[CAT] OK: Usando categoría por ENV id=34806213 (handle esperado=new-in1)
[CAT] Persistida categoría id=34806213 en C:\Users\santiago\NEW IN\data\newin_category.json
[TN] Página 1: 100 productos (acumulado=100)
[TN] Página 2: 100 productos (acumulado=200)
[TN] Página 3: 100 productos (acumulado=300)
[TN] Página 4: 100 productos (acumulado=400)
[TN] Página 5: 100 productos (acumulado=500)
[TN] Página 6: 100 productos (acumulado=600)
[TN] Página 7: 100 productos (acumulado=700)
[TN] Página 8: 100 productos (acumulado=800)
[TN] Página 9: 100 productos (acumulado=900)
[TN] Página 10: 100 productos (acumulado=1000)
[TN] Página 11: 100 productos (acumulado=1100)
[TN] Página 12: 100 productos (acumulado=1200)
[TN] Página 13: 100 productos (acumulado=1300)
[TN] Página 14: 100 productos (acumulado=1400)
[TN] Página 15: 100 productos (acumulado=1500)
[TN] Página 16: 38 productos (acumulado=1538)
[TN] Productos listados: 1538
[MAP] Índice CÓDIGOS MADRE: 1538 entradas. Productos con categorías: 1538
[TN] Productos que tienen la categoría 34806213: 247
[TN] pid=328284059 limpiar cat HTTP 500: {
    "code": 500,
    "message": "Internal Server Error",
    "description": null
}
[TN] Limpieza por producto: ok=246 fail=1
[ERROR] No se pudo limpiar la categoría por productos
 
[RESULT] Exit code: 3 
============================================================ 
 
============================================================ 
WEEKLY REFRESH - -2026-03 05:55 
============================================================ 
[ENV] Cargadas 16 variables desde C:\Users\santiago\NEW IN\config.env

============================================================
New In Robot v12.2.0-REPORTES
============================================================
[CFG] NEWIN_HANDLE=new-in1
[CFG] NEWIN_CATEGORY_ID=34806213
[CFG] NEWIN_ALLOW_CREATE=true
[CFG] DATA_DIR=C:\Users\santiago\NEW IN\data
[CFG] LOG_DIR=C:\Users\santiago\NEW IN\logs
============================================================


============================================================
WEEKLY REFRESH - 2026-03-16 17:55:02
============================================================

[TN] Categorías page 1: 200 elementos (acum=200)
[TN] Categorías page 2: 23 elementos (acum=223)
[TN] Total categorías listadas: 223
[CAT] OK: Usando categoría por ENV id=34806213 (handle esperado=new-in1)
[CAT] Persistida categoría id=34806213 en C:\Users\santiago\NEW IN\data\newin_category.json
[TN] Página 1: 100 productos (acumulado=100)
[TN] Página 2: 100 productos (acumulado=200)
[TN] Página 3: 100 productos (acumulado=300)
[TN] Página 4: 100 productos (acumulado=400)
[TN] Página 5: 100 productos (acumulado=500)
[TN] Página 6: 100 productos (acumulado=600)
[TN] Página 7: 100 productos (acumulado=700)
[TN] Página 8: 100 productos (acumulado=800)
[TN] Página 9: 100 productos (acumulado=900)
[TN] Página 10: 100 productos (acumulado=1000)
[TN] Página 11: 100 productos (acumulado=1100)
[TN] Página 12: 100 productos (acumulado=1200)
[TN] Página 13: 100 productos (acumulado=1300)
[TN] Página 14: 100 productos (acumulado=1400)
[TN] Página 15: 100 productos (acumulado=1500)
[TN] Página 16: 24 productos (acumulado=1524)
[TN] Productos listados: 1524
[MAP] Índice CÓDIGOS MADRE: 1524 entradas. Productos con categorías: 1524
[TN] Productos que tienen la categoría 34806213: 78
[TN] Limpieza por producto: ok=78 fail=0
[CLEANUP] Limpiando reportes anteriores a 2026-03-09
[CLEANUP] Eliminado: REPORTE_DAILY_2026-02-23.txt
[CLEANUP] Eliminado: REPORTE_DAILY_2026-02-24.txt
[CLEANUP] Eliminado: REPORTE_DAILY_2026-02-25.txt
[CLEANUP] Eliminado: REPORTE_DAILY_2026-02-26.txt
[CLEANUP] Eliminado: REPORTE_DAILY_2026-02-27.txt
[CLEANUP] Eliminado: REPORTE_DAILY_2026-03-02.txt
[CLEANUP] Eliminado: REPORTE_DAILY_2026-03-03.txt
[CLEANUP] Eliminado: REPORTE_DAILY_2026-03-04.txt
[CLEANUP] Eliminado: REPORTE_DAILY_2026-03-05.txt
[CLEANUP] Eliminado: REPORTE_DAILY_2026-03-06.txt
[CLEANUP] Reportes eliminados: 10, mantenidos: 5
[REFRESH] Estado: last_run_date=2026-03-15 (daily consultara solo hoy)
[SUCCESS] Refresh weekly OK. Estado reseteado y reportes limpiados
 
[RESULT] Exit code: 0 
============================================================ 
 
============================================================ 
WEEKLY REFRESH - -2026-03 05:55 
============================================================ 
[ENV] Cargadas 16 variables desde C:\Users\santiago\NEW IN\config.env

============================================================
New In Robot v12.2.0-REPORTES
============================================================
[CFG] NEWIN_HANDLE=new-in1
[CFG] NEWIN_CATEGORY_ID=34806213
[CFG] NEWIN_ALLOW_CREATE=true
[CFG] DATA_DIR=C:\Users\santiago\NEW IN\data
[CFG] LOG_DIR=C:\Users\santiago\NEW IN\logs
============================================================


============================================================
WEEKLY REFRESH - 2026-03-23 17:55:02
============================================================

[TN] Categorías page 1: 200 elementos (acum=200)
[TN] Categorías page 2: 24 elementos (acum=224)
[TN] Total categorías listadas: 224
[CAT] OK: Usando categoría por ENV id=34806213 (handle esperado=new-in1)
[CAT] Persistida categoría id=34806213 en C:\Users\santiago\NEW IN\data\newin_category.json
[TN] Página 1: 100 productos (acumulado=100)
[TN] Página 2: 100 productos (acumulado=200)
[TN] Página 3: 100 productos (acumulado=300)
[TN] Página 4: 100 productos (acumulado=400)
[TN] Página 5: 100 productos (acumulado=500)
[TN] Página 6: 100 productos (acumulado=600)
[TN] Página 7: 100 productos (acumulado=700)
[TN] Página 8: 100 productos (acumulado=800)
[TN] Página 9: 100 productos (acumulado=900)
[TN] Página 10: 100 productos (acumulado=1000)
[TN] Página 11: 100 productos (acumulado=1100)
[TN] Página 12: 100 productos (acumulado=1200)
[TN] Página 13: 100 productos (acumulado=1300)
[TN] Página 14: 100 productos (acumulado=1400)
[TN] Página 15: 100 productos (acumulado=1500)
[TN] Página 16: 30 productos (acumulado=1530)
[TN] Productos listados: 1530
[MAP] Índice CÓDIGOS MADRE: 1530 entradas. Productos con categorías: 1530
[TN] Productos que tienen la categoría 34806213: 93
[TN] Limpieza por producto: ok=93 fail=0
[CLEANUP] Limpiando reportes anteriores a 2026-03-16
[CLEANUP] Eliminado: REPORTE_DAILY_2026-03-09.txt
[CLEANUP] Eliminado: REPORTE_DAILY_2026-03-10.txt
[CLEANUP] Eliminado: REPORTE_DAILY_2026-03-11.txt
[CLEANUP] Eliminado: REPORTE_DAILY_2026-03-12.txt
[CLEANUP] Eliminado: REPORTE_DAILY_2026-03-13.txt
[CLEANUP] Reportes eliminados: 5, mantenidos: 4
[REFRESH] Estado: last_run_date=2026-03-22 (daily consultara solo hoy)
[SUCCESS] Refresh weekly OK. Estado reseteado y reportes limpiados
 
[RESULT] Exit code: 0 
============================================================ 
 
============================================================ 
WEEKLY REFRESH - -2026-03 05:55 
============================================================ 
[ENV] Cargadas 16 variables desde C:\Users\santiago\NEW IN\config.env

============================================================
New In Robot v12.2.0-REPORTES
============================================================
[CFG] NEWIN_HANDLE=new-in1
[CFG] NEWIN_CATEGORY_ID=34806213
[CFG] NEWIN_ALLOW_CREATE=true
[CFG] DATA_DIR=C:\Users\santiago\NEW IN\data
[CFG] LOG_DIR=C:\Users\santiago\NEW IN\logs
============================================================


============================================================
WEEKLY REFRESH - 2026-03-30 17:55:02
============================================================

[TN] Categorías page 1: 200 elementos (acum=200)
[TN] Categorías page 2: 24 elementos (acum=224)
[TN] Total categorías listadas: 224
[CAT] OK: Usando categoría por ENV id=34806213 (handle esperado=new-in1)
[CAT] Persistida categoría id=34806213 en C:\Users\santiago\NEW IN\data\newin_category.json
[TN] Página 1: 100 productos (acumulado=100)
[TN] Página 2: 100 productos (acumulado=200)
[TN] Página 3: 100 productos (acumulado=300)
[TN] Página 4: 100 productos (acumulado=400)
[TN] Página 5: 100 productos (acumulado=500)
[TN] Página 6: 100 productos (acumulado=600)
[TN] Página 7: 100 productos (acumulado=700)
[TN] Página 8: 100 productos (acumulado=800)
[TN] Página 9: 100 productos (acumulado=900)
[TN] Página 10: 100 productos (acumulado=1000)
[TN] Página 11: 100 productos (acumulado=1100)
[TN] Página 12: 100 productos (acumulado=1200)
[TN] Página 13: 100 productos (acumulado=1300)
[TN] Página 14: 100 productos (acumulado=1400)
[TN] Página 15: 100 productos (acumulado=1500)
[TN] Página 16: 43 productos (acumulado=1543)
[TN] Productos listados: 1543
[MAP] Índice CÓDIGOS MADRE: 1543 entradas. Productos con categorías: 1543
[TN] Productos que tienen la categoría 34806213: 43
[TN] Limpieza por producto: ok=43 fail=0
[CLEANUP] Limpiando reportes anteriores a 2026-03-23
[CLEANUP] Eliminado: REPORTE_DAILY_2026-03-16.txt
[CLEANUP] Eliminado: REPORTE_DAILY_2026-03-18.txt
[CLEANUP] Eliminado: REPORTE_DAILY_2026-03-19.txt
[CLEANUP] Eliminado: REPORTE_DAILY_2026-03-20.txt
[CLEANUP] Reportes eliminados: 4, mantenidos: 4
[REFRESH] Estado: last_run_date=2026-03-29 (daily consultara solo hoy)
[SUCCESS] Refresh weekly OK. Estado reseteado y reportes limpiados
 
[RESULT] Exit code: 0 
============================================================ 
 
============================================================ 
WEEKLY REFRESH - -2026-04 05:55 
============================================================ 
[ENV] Cargadas 16 variables desde C:\Users\santiago\NEW IN\config.env

============================================================
New In Robot v12.2.0-REPORTES
============================================================
[CFG] NEWIN_HANDLE=new-in1
[CFG] NEWIN_CATEGORY_ID=34806213
[CFG] NEWIN_ALLOW_CREATE=true
[CFG] DATA_DIR=C:\Users\santiago\NEW IN\data
[CFG] LOG_DIR=C:\Users\santiago\NEW IN\logs
============================================================


============================================================
WEEKLY REFRESH - 2026-04-06 17:55:02
============================================================

[TN] Categorías page 1: 200 elementos (acum=200)
[TN] Categorías page 2: 23 elementos (acum=223)
[TN] Total categorías listadas: 223
[CAT] OK: Usando categoría por ENV id=34806213 (handle esperado=new-in1)
[CAT] Persistida categoría id=34806213 en C:\Users\santiago\NEW IN\data\newin_category.json
[TN] Página 1: 100 productos (acumulado=100)
[TN] Página 2: 100 productos (acumulado=200)
[TN] Página 3: 100 productos (acumulado=300)
[TN] Página 4: 100 productos (acumulado=400)
[TN] Página 5: 100 productos (acumulado=500)
[TN] Página 6: 100 productos (acumulado=600)
[TN] Página 7: 100 productos (acumulado=700)
[TN] Página 8: 100 productos (acumulado=800)
[TN] Página 9: 100 productos (acumulado=900)
[TN] Página 10: 100 productos (acumulado=1000)
[TN] Página 11: 100 productos (acumulado=1100)
[TN] Página 12: 100 productos (acumulado=1200)
[TN] Página 13: 100 productos (acumulado=1300)
[TN] Página 14: 100 productos (acumulado=1400)
[TN] Página 15: 100 productos (acumulado=1500)
[TN] Página 16: 61 productos (acumulado=1561)
[TN] Productos listados: 1561
[MAP] Índice CÓDIGOS MADRE: 1561 entradas. Productos con categorías: 1561
[TN] Productos que tienen la categoría 34806213: 40
[TN] Limpieza por producto: ok=40 fail=0
[CLEANUP] Limpiando reportes anteriores a 2026-03-30
[CLEANUP] Eliminado: REPORTE_DAILY_2026-03-23.txt
[CLEANUP] Eliminado: REPORTE_DAILY_2026-03-25.txt
[CLEANUP] Eliminado: REPORTE_DAILY_2026-03-26.txt
[CLEANUP] Eliminado: REPORTE_DAILY_2026-03-28.txt
[CLEANUP] Reportes eliminados: 4, mantenidos: 4
[REFRESH] Estado: last_run_date=2026-04-05 (daily consultara solo hoy)
[SUCCESS] Refresh weekly OK. Estado reseteado y reportes limpiados
 
[RESULT] Exit code: 0 
============================================================ 
 
============================================================ 
WEEKLY REFRESH - -2026-04 05:55 
============================================================ 
[ENV] Cargadas 16 variables desde C:\Users\santiago\NEW IN\config.env

============================================================
New In Robot v12.2.0-REPORTES
============================================================
[CFG] NEWIN_HANDLE=new-in1
[CFG] NEWIN_CATEGORY_ID=34806213
[CFG] NEWIN_ALLOW_CREATE=true
[CFG] DATA_DIR=C:\Users\santiago\NEW IN\data
[CFG] LOG_DIR=C:\Users\santiago\NEW IN\logs
============================================================


============================================================
WEEKLY REFRESH - 2026-04-13 17:55:02
============================================================

[TN] Categorías page 1: 200 elementos (acum=200)
[TN] Categorías page 2: 24 elementos (acum=224)
[TN] Total categorías listadas: 224
[CAT] OK: Usando categoría por ENV id=34806213 (handle esperado=new-in1)
[CAT] Persistida categoría id=34806213 en C:\Users\santiago\NEW IN\data\newin_category.json
[TN] Página 1: 100 productos (acumulado=100)
[TN] Página 2: 100 productos (acumulado=200)
[TN] Página 3: 100 productos (acumulado=300)
[TN] Página 4: 100 productos (acumulado=400)
[TN] Página 5: 100 productos (acumulado=500)
[TN] Página 6: 100 productos (acumulado=600)
[TN] Página 7: 100 productos (acumulado=700)
[TN] Página 8: 100 productos (acumulado=800)
[TN] Página 9: 100 productos (acumulado=900)
[TN] Página 10: 100 productos (acumulado=1000)
[TN] Página 11: 100 productos (acumulado=1100)
[TN] Página 12: 100 productos (acumulado=1200)
[TN] Página 13: 100 productos (acumulado=1300)
[TN] Página 14: 100 productos (acumulado=1400)
[TN] Página 15: 100 productos (acumulado=1500)
[TN] Página 16: 60 productos (acumulado=1560)
[TN] Productos listados: 1560
[MAP] Índice CÓDIGOS MADRE: 1560 entradas. Productos con categorías: 1560
[TN] Productos que tienen la categoría 34806213: 99
[TN] Limpieza por producto: ok=99 fail=0
[CLEANUP] Limpiando reportes anteriores a 2026-04-06
[CLEANUP] Eliminado: REPORTE_DAILY_2026-03-30.txt
[CLEANUP] Eliminado: REPORTE_DAILY_2026-03-31.txt
[CLEANUP] Eliminado: REPORTE_DAILY_2026-04-01.txt
[CLEANUP] Eliminado: REPORTE_DAILY_2026-04-04.txt
[CLEANUP] Reportes eliminados: 4, mantenidos: 5
[REFRESH] Estado: last_run_date=2026-04-12 (daily consultara solo hoy)
[SUCCESS] Refresh weekly OK. Estado reseteado y reportes limpiados
 
[RESULT] Exit code: 0 
============================================================ 
 
============================================================ 
WEEKLY REFRESH - -2026-04 05:55 
============================================================ 
[ENV] Cargadas 16 variables desde C:\Users\santiago\NEW IN\config.env

============================================================
New In Robot v12.2.0-REPORTES
============================================================
[CFG] NEWIN_HANDLE=new-in1
[CFG] NEWIN_CATEGORY_ID=34806213
[CFG] NEWIN_ALLOW_CREATE=true
[CFG] DATA_DIR=C:\Users\santiago\NEW IN\data
[CFG] LOG_DIR=C:\Users\santiago\NEW IN\logs
============================================================


============================================================
WEEKLY REFRESH - 2026-04-20 17:55:02
============================================================

[TN] Categorías page 1: 200 elementos (acum=200)
[TN] Categorías page 2: 25 elementos (acum=225)
[TN] Total categorías listadas: 225
[CAT] OK: Usando categoría por ENV id=34806213 (handle esperado=new-in1)
[CAT] Persistida categoría id=34806213 en C:\Users\santiago\NEW IN\data\newin_category.json
[TN] Página 1: 100 productos (acumulado=100)
[TN] Página 2: 100 productos (acumulado=200)
[TN] Página 3: 100 productos (acumulado=300)
[TN] Página 4: 100 productos (acumulado=400)
[TN] Página 5: 100 productos (acumulado=500)
[TN] Página 6: 100 productos (acumulado=600)
[TN] Página 7: 100 productos (acumulado=700)
[TN] Página 8: 100 productos (acumulado=800)
[TN] Página 9: 100 productos (acumulado=900)
[TN] Página 10: 100 productos (acumulado=1000)
[TN] Página 11: 100 productos (acumulado=1100)
[TN] Página 12: 100 productos (acumulado=1200)
[TN] Página 13: 100 productos (acumulado=1300)
[TN] Página 14: 100 productos (acumulado=1400)
[TN] Página 15: 100 productos (acumulado=1500)
[TN] Página 16: 100 productos (acumulado=1600)
[TN] Página 17: 3 productos (acumulado=1603)
[TN] Productos listados: 1603
[MAP] Índice CÓDIGOS MADRE: 1603 entradas. Productos con categorías: 1603
[TN] Productos que tienen la categoría 34806213: 121
[TN] Limpieza por producto: ok=121 fail=0
[CLEANUP] Limpiando reportes anteriores a 2026-04-13
[CLEANUP] Eliminado: REPORTE_DAILY_2026-04-06.txt
[CLEANUP] Eliminado: REPORTE_DAILY_2026-04-07.txt
[CLEANUP] Eliminado: REPORTE_DAILY_2026-04-08.txt
[CLEANUP] Eliminado: REPORTE_DAILY_2026-04-09.txt
[CLEANUP] Eliminado: REPORTE_DAILY_2026-04-10.txt
[CLEANUP] Reportes eliminados: 5, mantenidos: 5
[REFRESH] Estado: last_run_date=2026-04-19 (daily consultara solo hoy)
[SUCCESS] Refresh weekly OK. Estado reseteado y reportes limpiados
 
[RESULT] Exit code: 0 
============================================================ 
 
============================================================ 
WEEKLY REFRESH - -2026-04 05:55 
============================================================ 
[ENV] Cargadas 16 variables desde C:\Users\santiago\NEW IN\config.env

============================================================
New In Robot v12.2.0-REPORTES
============================================================
[CFG] NEWIN_HANDLE=new-in1
[CFG] NEWIN_CATEGORY_ID=34806213
[CFG] NEWIN_ALLOW_CREATE=true
[CFG] DATA_DIR=C:\Users\santiago\NEW IN\data
[CFG] LOG_DIR=C:\Users\santiago\NEW IN\logs
============================================================


============================================================
WEEKLY REFRESH - 2026-04-27 17:55:02
============================================================

[TN] Categorías page 1: 200 elementos (acum=200)
[TN] Categorías page 2: 27 elementos (acum=227)
[TN] Total categorías listadas: 227
[CAT] OK: Usando categoría por ENV id=34806213 (handle esperado=new-in1)
[CAT] Persistida categoría id=34806213 en C:\Users\santiago\NEW IN\data\newin_category.json
[TN] Página 1: 100 productos (acumulado=100)
[TN] Página 2: 100 productos (acumulado=200)
[TN] Página 3: 100 productos (acumulado=300)
[TN] Página 4: 100 productos (acumulado=400)
[TN] Página 5: 100 productos (acumulado=500)
[TN] Página 6: 100 productos (acumulado=600)
[TN] Página 7: 100 productos (acumulado=700)
[TN] Página 8: 100 productos (acumulado=800)
[TN] Página 9: 100 productos (acumulado=900)
[TN] Página 10: 100 productos (acumulado=1000)
[TN] Página 11: 100 productos (acumulado=1100)
[TN] Página 12: 100 productos (acumulado=1200)
[TN] Página 13: 100 productos (acumulado=1300)
[TN] Página 14: 100 productos (acumulado=1400)
[TN] Página 15: 100 productos (acumulado=1500)
[TN] Página 16: 100 productos (acumulado=1600)
[TN] Página 17: 24 productos (acumulado=1624)
[TN] Productos listados: 1624
[MAP] Índice CÓDIGOS MADRE: 1622 entradas. Productos con categorías: 1624
[TN] Productos que tienen la categoría 34806213: 91
[TN] Limpieza por producto: ok=91 fail=0
[CLEANUP] Limpiando reportes anteriores a 2026-04-20
[CLEANUP] Eliminado: REPORTE_DAILY_2026-04-13.txt
[CLEANUP] Eliminado: REPORTE_DAILY_2026-04-14.txt
[CLEANUP] Eliminado: REPORTE_DAILY_2026-04-15.txt
[CLEANUP] Eliminado: REPORTE_DAILY_2026-04-16.txt
[CLEANUP] Eliminado: REPORTE_DAILY_2026-04-17.txt
[CLEANUP] Reportes eliminados: 5, mantenidos: 5
[REFRESH] Estado: last_run_date=2026-04-26 (daily consultara solo hoy)
[SUCCESS] Refresh weekly OK. Estado reseteado y reportes limpiados
 
[RESULT] Exit code: 0 
============================================================ 
 
============================================================ 
WEEKLY REFRESH - -2026-05 05:55 
============================================================ 
[ENV] Cargadas 16 variables desde C:\Users\santiago\NEW IN\config.env

============================================================
New In Robot v12.2.0-REPORTES
============================================================
[CFG] NEWIN_HANDLE=new-in1
[CFG] NEWIN_CATEGORY_ID=34806213
[CFG] NEWIN_ALLOW_CREATE=true
[CFG] DATA_DIR=C:\Users\santiago\NEW IN\data
[CFG] LOG_DIR=C:\Users\santiago\NEW IN\logs
============================================================


============================================================
WEEKLY REFRESH - 2026-05-04 17:55:02
============================================================

[TN] Categorías page 1: 200 elementos (acum=200)
[TN] Categorías page 2: 23 elementos (acum=223)
[TN] Total categorías listadas: 223
[CAT] OK: Usando categoría por ENV id=34806213 (handle esperado=new-in1)
[CAT] Persistida categoría id=34806213 en C:\Users\santiago\NEW IN\data\newin_category.json
[TN] Página 1: 100 productos (acumulado=100)
[TN] Página 2: 100 productos (acumulado=200)
[TN] Página 3: 100 productos (acumulado=300)
[TN] Página 4: 100 productos (acumulado=400)
[TN] Página 5: 100 productos (acumulado=500)
[TN] Página 6: 100 productos (acumulado=600)
[TN] Página 7: 100 productos (acumulado=700)
[TN] Página 8: 100 productos (acumulado=800)
[TN] Página 9: 100 productos (acumulado=900)
[TN] Página 10: 100 productos (acumulado=1000)
[TN] Página 11: 100 productos (acumulado=1100)
[TN] Página 12: 100 productos (acumulado=1200)
[TN] Página 13: 100 productos (acumulado=1300)
[TN] Página 14: 100 productos (acumulado=1400)
[TN] Página 15: 100 productos (acumulado=1500)
[TN] Página 16: 100 productos (acumulado=1600)
[TN] Página 17: 24 productos (acumulado=1624)
[TN] Productos listados: 1624
[MAP] Índice CÓDIGOS MADRE: 1622 entradas. Productos con categorías: 1624
[TN] Productos que tienen la categoría 34806213: 23
[TN] Limpieza por producto: ok=23 fail=0
[CLEANUP] Limpiando reportes anteriores a 2026-04-27
[CLEANUP] Eliminado: REPORTE_DAILY_2026-04-20.txt
[CLEANUP] Eliminado: REPORTE_DAILY_2026-04-21.txt
[CLEANUP] Eliminado: REPORTE_DAILY_2026-04-22.txt
[CLEANUP] Eliminado: REPORTE_DAILY_2026-04-23.txt
[CLEANUP] Eliminado: REPORTE_DAILY_2026-04-24.txt
[CLEANUP] Reportes eliminados: 5, mantenidos: 4
[REFRESH] Estado: last_run_date=2026-05-03 (daily consultara solo hoy)
[SUCCESS] Refresh weekly OK. Estado reseteado y reportes limpiados
 
[RESULT] Exit code: 0 
============================================================ 
 
============================================================ 
WEEKLY REFRESH - -2026-05 05:55 
============================================================ 
[ENV] Cargadas 16 variables desde C:\Users\santiago\NEW IN\config.env

============================================================
New In Robot v12.2.0-REPORTES
============================================================
[CFG] NEWIN_HANDLE=new-in1
[CFG] NEWIN_CATEGORY_ID=34806213
[CFG] NEWIN_ALLOW_CREATE=true
[CFG] DATA_DIR=C:\Users\santiago\NEW IN\data
[CFG] LOG_DIR=C:\Users\santiago\NEW IN\logs
============================================================


============================================================
WEEKLY REFRESH - 2026-05-11 17:55:02
============================================================

[TN] Categorías page 1: 200 elementos (acum=200)
[TN] Categorías page 2: 22 elementos (acum=222)
[TN] Total categorías listadas: 222
[CAT] OK: Usando categoría por ENV id=34806213 (handle esperado=new-in1)
[CAT] Persistida categoría id=34806213 en C:\Users\santiago\NEW IN\data\newin_category.json
[TN] Página 1: 100 productos (acumulado=100)
[TN] Página 2: 100 productos (acumulado=200)
[TN] Página 3: 100 productos (acumulado=300)
[TN] Página 4: 100 productos (acumulado=400)
[TN] Página 5: 100 productos (acumulado=500)
[TN] Página 6: 100 productos (acumulado=600)
[TN] Página 7: 100 productos (acumulado=700)
[TN] Página 8: 100 productos (acumulado=800)
[TN] Página 9: 100 productos (acumulado=900)
[TN] Página 10: 100 productos (acumulado=1000)
[TN] Página 11: 100 productos (acumulado=1100)
[TN] Página 12: 100 productos (acumulado=1200)
[TN] Página 13: 100 productos (acumulado=1300)
[TN] Página 14: 100 productos (acumulado=1400)
[TN] Página 15: 100 productos (acumulado=1500)
[TN] Página 16: 100 productos (acumulado=1600)
[TN] Página 17: 10 productos (acumulado=1610)
[TN] Productos listados: 1610
[MAP] Índice CÓDIGOS MADRE: 1608 entradas. Productos con categorías: 1610
[TN] Productos que tienen la categoría 34806213: 73
[TN] Limpieza por producto: ok=73 fail=0
[CLEANUP] Limpiando reportes anteriores a 2026-05-04
[CLEANUP] Eliminado: REPORTE_DAILY_2026-04-27.txt
[CLEANUP] Eliminado: REPORTE_DAILY_2026-04-28.txt
[CLEANUP] Eliminado: REPORTE_DAILY_2026-04-29.txt
[CLEANUP] Eliminado: REPORTE_DAILY_2026-04-30.txt
[CLEANUP] Reportes eliminados: 4, mantenidos: 4
[REFRESH] Estado: last_run_date=2026-05-10 (daily consultara solo hoy)
[SUCCESS] Refresh weekly OK. Estado reseteado y reportes limpiados
 
[RESULT] Exit code: 0 
============================================================ 
 
============================================================ 
WEEKLY REFRESH - -2026-05 05:55 
============================================================ 
[ENV] Cargadas 16 variables desde C:\Users\santiago\NEW IN\config.env

============================================================
New In Robot v12.2.0-REPORTES
============================================================
[CFG] NEWIN_HANDLE=new-in1
[CFG] NEWIN_CATEGORY_ID=34806213
[CFG] NEWIN_ALLOW_CREATE=true
[CFG] DATA_DIR=C:\Users\santiago\NEW IN\data
[CFG] LOG_DIR=C:\Users\santiago\NEW IN\logs
============================================================


============================================================
WEEKLY REFRESH - 2026-05-18 17:55:02
============================================================

[TN] Categorías page 1: 200 elementos (acum=200)
[TN] Categorías page 2: 23 elementos (acum=223)
[TN] Total categorías listadas: 223
[CAT] OK: Usando categoría por ENV id=34806213 (handle esperado=new-in1)
[CAT] Persistida categoría id=34806213 en C:\Users\santiago\NEW IN\data\newin_category.json
[TN] Página 1: 100 productos (acumulado=100)
[TN] Página 2: 100 productos (acumulado=200)
[TN] Página 3: 100 productos (acumulado=300)
[TN] Página 4: 100 productos (acumulado=400)
[TN] Página 5: 100 productos (acumulado=500)
[TN] Página 6: 100 productos (acumulado=600)
[TN] Página 7: 100 productos (acumulado=700)
[TN] Página 8: 100 productos (acumulado=800)
[TN] Página 9: 100 productos (acumulado=900)
[TN] Página 10: 100 productos (acumulado=1000)
[TN] Página 11: 100 productos (acumulado=1100)
[TN] Página 12: 100 productos (acumulado=1200)
[TN] Página 13: 100 productos (acumulado=1300)
[TN] Página 14: 100 productos (acumulado=1400)
[TN] Página 15: 100 productos (acumulado=1500)
[TN] Página 16: 100 productos (acumulado=1600)
[TN] Página 17: 4 productos (acumulado=1604)
[TN] Productos listados: 1604
[MAP] Índice CÓDIGOS MADRE: 1602 entradas. Productos con categorías: 1604
[TN] Productos que tienen la categoría 34806213: 74
[TN] Limpieza por producto: ok=74 fail=0
[CLEANUP] Limpiando reportes anteriores a 2026-05-11
[CLEANUP] Eliminado: REPORTE_DAILY_2026-05-04.txt
[CLEANUP] Eliminado: REPORTE_DAILY_2026-05-05.txt
[CLEANUP] Eliminado: REPORTE_DAILY_2026-05-06.txt
[CLEANUP] Eliminado: REPORTE_DAILY_2026-05-08.txt
[CLEANUP] Reportes eliminados: 4, mantenidos: 5
[REFRESH] Estado: last_run_date=2026-05-17 (daily consultara solo hoy)
[SUCCESS] Refresh weekly OK. Estado reseteado y reportes limpiados
 
[RESULT] Exit code: 0 
============================================================ 
 
============================================================ 
WEEKLY REFRESH - -2026-05 05:55 
============================================================ 
[ENV] Cargadas 16 variables desde C:\Users\santiago\NEW IN\config.env

============================================================
New In Robot v12.2.0-REPORTES
============================================================
[CFG] NEWIN_HANDLE=new-in1
[CFG] NEWIN_CATEGORY_ID=34806213
[CFG] NEWIN_ALLOW_CREATE=true
[CFG] DATA_DIR=C:\Users\santiago\NEW IN\data
[CFG] LOG_DIR=C:\Users\santiago\NEW IN\logs
============================================================


============================================================
WEEKLY REFRESH - 2026-05-25 17:55:02
============================================================

[TN] Categorías page 1: 200 elementos (acum=200)
[TN] Categorías page 2: 23 elementos (acum=223)
[TN] Total categorías listadas: 223
[CAT] OK: Usando categoría por ENV id=34806213 (handle esperado=new-in1)
[CAT] Persistida categoría id=34806213 en C:\Users\santiago\NEW IN\data\newin_category.json
[TN] Página 1: 100 productos (acumulado=100)
[TN] Página 2: 100 productos (acumulado=200)
[TN] Página 3: 100 productos (acumulado=300)
[TN] Página 4: 100 productos (acumulado=400)
[TN] Página 5: 100 productos (acumulado=500)
[TN] Página 6: 100 productos (acumulado=600)
[TN] Página 7: 100 productos (acumulado=700)
[TN] Página 8: 100 productos (acumulado=800)
[TN] Página 9: 100 productos (acumulado=900)
[TN] Página 10: 100 productos (acumulado=1000)
[TN] Página 11: 100 productos (acumulado=1100)
[TN] Página 12: 100 productos (acumulado=1200)
[TN] Página 13: 100 productos (acumulado=1300)
[TN] Página 14: 100 productos (acumulado=1400)
[TN] Página 15: 100 productos (acumulado=1500)
[TN] Página 16: 86 productos (acumulado=1586)
[TN] Productos listados: 1586
[MAP] Índice CÓDIGOS MADRE: 1584 entradas. Productos con categorías: 1586
[TN] Productos que tienen la categoría 34806213: 34
[TN] Limpieza por producto: ok=34 fail=0
[CLEANUP] Limpiando reportes anteriores a 2026-05-18
[CLEANUP] Eliminado: REPORTE_DAILY_2026-05-11.txt
[CLEANUP] Eliminado: REPORTE_DAILY_2026-05-12.txt
[CLEANUP] Eliminado: REPORTE_DAILY_2026-05-13.txt
[CLEANUP] Eliminado: REPORTE_DAILY_2026-05-14.txt
[CLEANUP] Eliminado: REPORTE_DAILY_2026-05-15.txt
[CLEANUP] Reportes eliminados: 5, mantenidos: 4
[REFRESH] Estado: last_run_date=2026-05-24 (daily consultara solo hoy)
[SUCCESS] Refresh weekly OK. Estado reseteado y reportes limpiados
 
[RESULT] Exit code: 0 
============================================================ 
 
============================================================ 
WEEKLY REFRESH - -2026-06 05:55 
============================================================ 
[ENV] Cargadas 16 variables desde C:\Users\santiago\NEW IN\config.env

============================================================
New In Robot v12.2.0-REPORTES
============================================================
[CFG] NEWIN_HANDLE=new-in1
[CFG] NEWIN_CATEGORY_ID=34806213
[CFG] NEWIN_ALLOW_CREATE=true
[CFG] DATA_DIR=C:\Users\santiago\NEW IN\data
[CFG] LOG_DIR=C:\Users\santiago\NEW IN\logs
============================================================


============================================================
WEEKLY REFRESH - 2026-06-01 17:55:02
============================================================

[TN] Categorías page 1: 200 elementos (acum=200)
[TN] Categorías page 2: 24 elementos (acum=224)
[TN] Total categorías listadas: 224
[CAT] OK: Usando categoría por ENV id=34806213 (handle esperado=new-in1)
[CAT] Persistida categoría id=34806213 en C:\Users\santiago\NEW IN\data\newin_category.json
[TN] Página 1: 100 productos (acumulado=100)
[TN] Página 2: 100 productos (acumulado=200)
[TN] Página 3: 100 productos (acumulado=300)
[TN] Página 4: 100 productos (acumulado=400)
[TN] Página 5: 100 productos (acumulado=500)
[TN] Página 6: 100 productos (acumulado=600)
[TN] Página 7: 100 productos (acumulado=700)
[TN] Página 8: 100 productos (acumulado=800)
[TN] Página 9: 100 productos (acumulado=900)
[TN] Página 10: 100 productos (acumulado=1000)
[TN] Página 11: 100 productos (acumulado=1100)
[TN] Página 12: 100 productos (acumulado=1200)
[TN] Página 13: 100 productos (acumulado=1300)
[TN] Página 14: 100 productos (acumulado=1400)
[TN] Página 15: 100 productos (acumulado=1500)
[TN] Página 16: 97 productos (acumulado=1597)
[TN] Productos listados: 1597
[MAP] Índice CÓDIGOS MADRE: 1595 entradas. Productos con categorías: 1597
[TN] Productos que tienen la categoría 34806213: 82
[TN] Limpieza por producto: ok=82 fail=0
[CLEANUP] Limpiando reportes anteriores a 2026-05-25
[CLEANUP] Eliminado: REPORTE_DAILY_2026-05-18.txt
[CLEANUP] Eliminado: REPORTE_DAILY_2026-05-19.txt
[CLEANUP] Eliminado: REPORTE_DAILY_2026-05-20.txt
[CLEANUP] Eliminado: REPORTE_DAILY_2026-05-21.txt
[CLEANUP] Reportes eliminados: 4, mantenidos: 5
[REFRESH] Estado: last_run_date=2026-05-31 (daily consultara solo hoy)
[SUCCESS] Refresh weekly OK. Estado reseteado y reportes limpiados
 
[RESULT] Exit code: 0 
============================================================ 
 
============================================================ 
WEEKLY REFRESH - -2026-06 05:55 
============================================================ 
[ENV] Cargadas 16 variables desde C:\Users\santiago\NEW IN\config.env

============================================================
New In Robot v12.2.0-REPORTES
============================================================
[CFG] NEWIN_HANDLE=new-in1
[CFG] NEWIN_CATEGORY_ID=34806213
[CFG] NEWIN_ALLOW_CREATE=true
[CFG] DATA_DIR=C:\Users\santiago\NEW IN\data
[CFG] LOG_DIR=C:\Users\santiago\NEW IN\logs
============================================================


============================================================
WEEKLY REFRESH - 2026-06-08 17:55:02
============================================================

[TN] Categorías page 1: 200 elementos (acum=200)
[TN] Categorías page 2: 25 elementos (acum=225)
[TN] Total categorías listadas: 225
[CAT] OK: Usando categoría por ENV id=34806213 (handle esperado=new-in1)
[CAT] Persistida categoría id=34806213 en C:\Users\santiago\NEW IN\data\newin_category.json
[TN] Página 1: 100 productos (acumulado=100)
[TN] Página 2: 100 productos (acumulado=200)
[TN] Página 3: 100 productos (acumulado=300)
[TN] Página 4: 100 productos (acumulado=400)
[TN] Página 5: 100 productos (acumulado=500)
[TN] Página 6: 100 productos (acumulado=600)
[TN] Página 7: 100 productos (acumulado=700)
[TN] Página 8: 100 productos (acumulado=800)
[TN] Página 9: 100 productos (acumulado=900)
[TN] Página 10: 100 productos (acumulado=1000)
[TN] Página 11: 100 productos (acumulado=1100)
[TN] Página 12: 100 productos (acumulado=1200)
[TN] Página 13: 100 productos (acumulado=1300)
[TN] Página 14: 100 productos (acumulado=1400)
[TN] Página 15: 100 productos (acumulado=1500)
[TN] Página 16: 81 productos (acumulado=1581)
[TN] Productos listados: 1581
[MAP] Índice CÓDIGOS MADRE: 1579 entradas. Productos con categorías: 1581
[TN] Productos que tienen la categoría 34806213: 72
[TN] Limpieza por producto: ok=72 fail=0
[CLEANUP] Limpiando reportes anteriores a 2026-06-01
[CLEANUP] Eliminado: REPORTE_DAILY_2026-05-26.txt
[CLEANUP] Eliminado: REPORTE_DAILY_2026-05-27.txt
[CLEANUP] Eliminado: REPORTE_DAILY_2026-05-28.txt
[CLEANUP] Eliminado: REPORTE_DAILY_2026-05-29.txt
[CLEANUP] Eliminado: REPORTE_DAILY_2026-05-30.txt
[CLEANUP] Reportes eliminados: 5, mantenidos: 6
[REFRESH] Estado: last_run_date=2026-06-07 (daily consultara solo hoy)
[SUCCESS] Refresh weekly OK. Estado reseteado y reportes limpiados
 
[RESULT] Exit code: 0 
============================================================ 
